node.exe : npm warn Unknown project 
config "auto-install-peers". This 
will stop working in the next major 
version of npm.
At line:1 char:1
+ & "C:\Program 
Files\nodejs/node.exe" 
"C:\Users\erik\AppData\Roaming\n ...
+ ~~~~~~~~~~~~~~~~~~~~~~~~~~~~~~~~~~~~
~~~~~~~~~~~~~~~~~~~~~~~~~~~~~~~~~
    + CategoryInfo          : NotSpec 
   ified: (npm warn Unknow...version  
   of npm.:String) [], RemoteExcept   
 ion
    + FullyQualifiedErrorId : NativeC 
   ommandError
 
npm warn Unknown project config 
"node-linker". This will stop working 
in the next major version of npm.
npm warn Unknown project config 
"lockfile". This will stop working in 
the next major version of npm.

> mootmoat@1.0.1 build
> astro build && pagefind --site dist

23:39:42 [content] Syncing content
[InvalidContentEntryDataError] docs 
ΓåÆ executive-briefing_-the-sovereign-
engineering-entity data does not 
match collection schema.

  title**: **title: Required

  Hint:
    See https://docs.astro.build/en/gu
ides/content-collections/ for more 
information on content schemas.
  Error reference:
    https://docs.astro.build/en/refere
nce/errors/invalid-content-entry-data-
error/
  Location:
    D:\GitHub\mootmoat\src\docs\data\d
ocs\Executive Briefing_ The Sovereign 
Engineering Entity.md:0:0
  Stack trace:
    at getEntryDataAndImages (file:///
D:/GitHub/mootmoat/node_modules/astro/
dist/content/utils.js:157:26)
    at async syncData (D:/GitHub/mootm
oat/node_modules/astro/dist/content/lo
aders/glob.js:97:28)
